ARM Linker, 5.03 [Build 76] [MDK-ARM Lite]

==============================================================================

Section Cross References

    startup_tm4c123.o(STACK) refers (Special) to heapauxi.o(.text) for __use_two_region_memory
    startup_tm4c123.o(HEAP) refers (Special) to heapauxi.o(.text) for __use_two_region_memory
    startup_tm4c123.o(RESET) refers (Special) to heapauxi.o(.text) for __use_two_region_memory
    startup_tm4c123.o(RESET) refers to startup_tm4c123.o(STACK) for __initial_sp
    startup_tm4c123.o(RESET) refers to startup_tm4c123.o(.text) for Reset_Handler
    startup_tm4c123.o(RESET) refers to vms.o(i.TIMER0A_Handler) for TIMER0A_Handler
    startup_tm4c123.o(.text) refers (Special) to heapauxi.o(.text) for __use_two_region_memory
    startup_tm4c123.o(.text) refers to system_tm4c123.o(i.SystemInit) for SystemInit
    startup_tm4c123.o(.text) refers to __main.o(!!!main) for __main
    startup_tm4c123.o(.text) refers to startup_tm4c123.o(HEAP) for Heap_Mem
    startup_tm4c123.o(.text) refers to startup_tm4c123.o(STACK) for Stack_Mem
    vms.o(i.TIMER0A_Handler) refers to dac.o(i.dac_dataOut) for dac_dataOut
    vms.o(i.TIMER0A_Handler) refers to vms.o(.data) for isSampleSent
    vms.o(i.cosine) refers to fsk.o(.data) for SineWave
    vms.o(i.getNextSample) refers to vms.o(i.cosine) for cosine
    vms.o(i.getNextSample) refers to dflt_clz.o(x$fpl$dflt) for __aeabi_i2d
    vms.o(i.getNextSample) refers to ddiv.o(x$fpl$ddiv) for __aeabi_ddiv
    vms.o(i.getNextSample) refers to dfix.o(x$fpl$dfix) for __aeabi_d2iz
    vms.o(i.getNextSample) refers to vms.o(.data) for currentSymbol
    vms.o(i.getNextSample) refers to vms.o(.bss) for Symbols
    vms.o(i.main) refers to systick.o(i.SysTick_Init) for SysTick_Init
    vms.o(i.main) refers to fsk.o(i.fsk_init) for fsk_init
    vms.o(i.main) refers to dac.o(i.dac_init) for dac_init
    vms.o(i.main) refers to vms.o(i.stringToSymbols) for stringToSymbols
    vms.o(i.main) refers to vms.o(i.getNextSample) for getNextSample
    vms.o(i.main) refers to vms.o(.data) for msg
    vms.o(i.stringToSymbols) refers to vms.o(i.bitFuser) for bitFuser
    vms.o(i.stringToSymbols) refers to vms.o(i.symbolLookUp) for symbolLookUp
    vms.o(i.stringToSymbols) refers to vms.o(i.symbolsReplicate) for symbolsReplicate
    vms.o(i.symbolLookUp) refers to vms.o(.data) for symbolsTable
    vms.o(i.symbolsReplicate) refers to vms.o(.bss) for Symbols
    vms.o(i.symbolsReplicate) refers to vms.o(.data) for totalSymbols
    system_tm4c123.o(i.SystemCoreClockUpdate) refers to system_tm4c123.o(i.getOscClk) for getOscClk
    system_tm4c123.o(i.SystemCoreClockUpdate) refers to system_tm4c123.o(.data) for SystemCoreClock
    lcd.o(i.lcd_cls) refers to lcd.o(i.lcd_command) for lcd_command
    lcd.o(i.lcd_cls) refers to systick.o(i.SysTick_delay_ms) for SysTick_delay_ms
    lcd.o(i.lcd_command) refers to systick.o(i.SysTick_delay_ms) for SysTick_delay_ms
    lcd.o(i.lcd_goto) refers to lcd.o(i.lcd_command) for lcd_command
    lcd.o(i.lcd_init) refers to systick.o(i.SysTick_delay_ms) for SysTick_delay_ms
    lcd.o(i.lcd_init) refers to lcd.o(i.lcd_command) for lcd_command
    lcd.o(i.lcd_init) refers to lcd.o(i.lcd_cls) for lcd_cls
    lcd.o(i.lcd_putch) refers to systick.o(i.SysTick_delay_ms) for SysTick_delay_ms
    lcd.o(i.lcd_puts) refers to lcd.o(i.lcd_putch) for lcd_putch
    systick.o(i.SysTick_delay_ms) refers to systick.o(i.SysTick_Wait) for SysTick_Wait
    systick.o(i.SysTick_delay_us) refers to systick.o(i.SysTick_Wait) for SysTick_Wait
    uart.o(i.UARTn_TxStr) refers to uart.o(i.UARTn_TxCh) for UARTn_TxCh
    gps.o(i.GPS_GetParam) refers to uart.o(i.UARTn_RxCh) for UARTn_RxCh
    gps.o(i.GPS_WaitForFixData) refers to uart.o(i.UARTn_RxCh) for UARTn_RxCh
    dac.o(i.dac_dataOut) refers to dac.o(.data) for d
    dac.o(i.dac_init) refers to systick.o(i.SysTick_delay_ms) for SysTick_delay_ms
    __main.o(!!!main) refers to rtentry.o(.ARM.Collect$$rtentry$$00000000) for __rt_entry
    ddiv.o(x$fpl$drdiv) refers (Special) to usenofp.o(x$fpl$usenofp) for __I$use$fp
    ddiv.o(x$fpl$drdiv) refers to ddiv.o(x$fpl$ddiv) for ddiv_entry
    ddiv.o(x$fpl$ddiv) refers (Special) to usenofp.o(x$fpl$usenofp) for __I$use$fp
    ddiv.o(x$fpl$ddiv) refers to dretinf.o(x$fpl$dretinf) for __fpl_dretinf
    ddiv.o(x$fpl$ddiv) refers to dnaninf.o(x$fpl$dnaninf) for __fpl_dnaninf
    dfix.o(x$fpl$dfix) refers (Special) to usenofp.o(x$fpl$usenofp) for __I$use$fp
    dfix.o(x$fpl$dfix) refers to dnaninf.o(x$fpl$dnaninf) for __fpl_dnaninf
    dfix.o(x$fpl$dfixr) refers (Special) to usenofp.o(x$fpl$usenofp) for __I$use$fp
    dfix.o(x$fpl$dfixr) refers to dnaninf.o(x$fpl$dnaninf) for __fpl_dnaninf
    dflt_clz.o(x$fpl$dfltu) refers (Special) to usenofp.o(x$fpl$usenofp) for __I$use$fp
    dflt_clz.o(x$fpl$dflt) refers (Special) to usenofp.o(x$fpl$usenofp) for __I$use$fp
    dflt_clz.o(x$fpl$dfltn) refers (Special) to usenofp.o(x$fpl$usenofp) for __I$use$fp
    rtentry.o(.ARM.Collect$$rtentry$$00000000) refers (Special) to rtentry2.o(.ARM.Collect$$rtentry$$0000000A) for __rt_entry_li
    rtentry.o(.ARM.Collect$$rtentry$$00000000) refers (Special) to rtentry2.o(.ARM.Collect$$rtentry$$0000000D) for __rt_entry_main
    rtentry.o(.ARM.Collect$$rtentry$$00000000) refers (Special) to rtentry2.o(.ARM.Collect$$rtentry$$0000000C) for __rt_entry_postli_1
    rtentry.o(.ARM.Collect$$rtentry$$00000000) refers (Special) to rtentry2.o(.ARM.Collect$$rtentry$$00000009) for __rt_entry_postsh_1
    rtentry.o(.ARM.Collect$$rtentry$$00000000) refers (Special) to rtentry2.o(.ARM.Collect$$rtentry$$00000002) for __rt_entry_presh_1
    rtentry.o(.ARM.Collect$$rtentry$$00000000) refers (Special) to rtentry4.o(.ARM.Collect$$rtentry$$00000004) for __rt_entry_sh
    dnaninf.o(x$fpl$dnaninf) refers (Special) to usenofp.o(x$fpl$usenofp) for __I$use$fp
    dretinf.o(x$fpl$dretinf) refers (Special) to usenofp.o(x$fpl$usenofp) for __I$use$fp
    rtentry2.o(.ARM.Collect$$rtentry$$00000008) refers to boardinit2.o(.text) for _platform_post_stackheap_init
    rtentry2.o(.ARM.Collect$$rtentry$$0000000A) refers to libinit.o(.ARM.Collect$$libinit$$00000000) for __rt_lib_init
    rtentry2.o(.ARM.Collect$$rtentry$$0000000B) refers to boardinit3.o(.text) for _platform_post_lib_init
    rtentry2.o(.ARM.Collect$$rtentry$$0000000D) refers to vms.o(i.main) for main
    rtentry2.o(.ARM.Collect$$rtentry$$0000000D) refers to exit.o(.text) for exit
    rtentry2.o(.ARM.exidx) refers to rtentry2.o(.ARM.Collect$$rtentry$$00000001) for .ARM.Collect$$rtentry$$00000001
    rtentry2.o(.ARM.exidx) refers to rtentry2.o(.ARM.Collect$$rtentry$$00000008) for .ARM.Collect$$rtentry$$00000008
    rtentry2.o(.ARM.exidx) refers to rtentry2.o(.ARM.Collect$$rtentry$$0000000A) for .ARM.Collect$$rtentry$$0000000A
    rtentry2.o(.ARM.exidx) refers to rtentry2.o(.ARM.Collect$$rtentry$$0000000B) for .ARM.Collect$$rtentry$$0000000B
    rtentry2.o(.ARM.exidx) refers to rtentry2.o(.ARM.Collect$$rtentry$$0000000D) for .ARM.Collect$$rtentry$$0000000D
    rtentry4.o(.ARM.Collect$$rtentry$$00000004) refers to sys_stackheap_outer.o(.text) for __user_setup_stackheap
    rtentry4.o(.ARM.exidx) refers to rtentry4.o(.ARM.Collect$$rtentry$$00000004) for .ARM.Collect$$rtentry$$00000004
    sys_stackheap_outer.o(.text) refers to libspace.o(.text) for __user_perproc_libspace
    sys_stackheap_outer.o(.text) refers to startup_tm4c123.o(.text) for __user_initial_stackheap
    exit.o(.text) refers to rtexit.o(.ARM.Collect$$rtexit$$00000000) for __rt_exit
    libinit.o(.ARM.Collect$$libinit$$00000000) refers (Special) to libinit2.o(.ARM.Collect$$libinit$$0000002C) for __rt_lib_init_alloca_1
    libinit.o(.ARM.Collect$$libinit$$00000000) refers (Special) to libinit2.o(.ARM.Collect$$libinit$$0000002A) for __rt_lib_init_argv_1
    libinit.o(.ARM.Collect$$libinit$$00000000) refers (Special) to libinit2.o(.ARM.Collect$$libinit$$00000019) for __rt_lib_init_atexit_1
    libinit.o(.ARM.Collect$$libinit$$00000000) refers (Special) to libinit2.o(.ARM.Collect$$libinit$$0000001F) for __rt_lib_init_clock_1
    libinit.o(.ARM.Collect$$libinit$$00000000) refers (Special) to libinit2.o(.ARM.Collect$$libinit$$00000030) for __rt_lib_init_cpp_1
    libinit.o(.ARM.Collect$$libinit$$00000000) refers (Special) to libinit2.o(.ARM.Collect$$libinit$$0000002E) for __rt_lib_init_exceptions_1
    libinit.o(.ARM.Collect$$libinit$$00000000) refers (Special) to libinit2.o(.ARM.Collect$$libinit$$00000002) for __rt_lib_init_fp_1
    libinit.o(.ARM.Collect$$libinit$$00000000) refers (Special) to libinit2.o(.ARM.Collect$$libinit$$0000001D) for __rt_lib_init_fp_trap_1
    libinit.o(.ARM.Collect$$libinit$$00000000) refers (Special) to libinit2.o(.ARM.Collect$$libinit$$00000021) for __rt_lib_init_getenv_1
    libinit.o(.ARM.Collect$$libinit$$00000000) refers (Special) to libinit2.o(.ARM.Collect$$libinit$$00000008) for __rt_lib_init_heap_1
    libinit.o(.ARM.Collect$$libinit$$00000000) refers (Special) to libinit2.o(.ARM.Collect$$libinit$$0000000F) for __rt_lib_init_lc_collate_1
    libinit.o(.ARM.Collect$$libinit$$00000000) refers (Special) to libinit2.o(.ARM.Collect$$libinit$$00000011) for __rt_lib_init_lc_ctype_1
    libinit.o(.ARM.Collect$$libinit$$00000000) refers (Special) to libinit2.o(.ARM.Collect$$libinit$$00000013) for __rt_lib_init_lc_monetary_1
    libinit.o(.ARM.Collect$$libinit$$00000000) refers (Special) to libinit2.o(.ARM.Collect$$libinit$$00000015) for __rt_lib_init_lc_numeric_1
    libinit.o(.ARM.Collect$$libinit$$00000000) refers (Special) to libinit2.o(.ARM.Collect$$libinit$$00000017) for __rt_lib_init_lc_time_1
    libinit.o(.ARM.Collect$$libinit$$00000000) refers (Special) to libinit2.o(.ARM.Collect$$libinit$$0000000C) for __rt_lib_init_rand_1
    libinit.o(.ARM.Collect$$libinit$$00000000) refers (Special) to libinit2.o(.ARM.Collect$$libinit$$00000031) for __rt_lib_init_return
    libinit.o(.ARM.Collect$$libinit$$00000000) refers (Special) to libinit2.o(.ARM.Collect$$libinit$$0000001B) for __rt_lib_init_signal_1
    libinit.o(.ARM.Collect$$libinit$$00000000) refers (Special) to libinit2.o(.ARM.Collect$$libinit$$00000023) for __rt_lib_init_stdio_1
    libinit.o(.ARM.Collect$$libinit$$00000000) refers (Special) to libinit2.o(.ARM.Collect$$libinit$$0000000A) for __rt_lib_init_user_alloc_1
    libspace.o(.text) refers to libspace.o(.bss) for __libspace_start
    rtexit.o(.ARM.Collect$$rtexit$$00000000) refers (Special) to rtexit2.o(.ARM.Collect$$rtexit$$00000004) for __rt_exit_exit
    rtexit.o(.ARM.Collect$$rtexit$$00000000) refers (Special) to rtexit2.o(.ARM.Collect$$rtexit$$00000003) for __rt_exit_ls
    rtexit.o(.ARM.Collect$$rtexit$$00000000) refers (Special) to rtexit2.o(.ARM.Collect$$rtexit$$00000002) for __rt_exit_prels_1
    rtexit.o(.ARM.exidx) refers (Special) to rtexit2.o(.ARM.Collect$$rtexit$$00000004) for __rt_exit_exit
    rtexit.o(.ARM.exidx) refers (Special) to rtexit2.o(.ARM.Collect$$rtexit$$00000003) for __rt_exit_ls
    rtexit.o(.ARM.exidx) refers (Special) to rtexit2.o(.ARM.Collect$$rtexit$$00000002) for __rt_exit_prels_1
    rtexit.o(.ARM.exidx) refers to rtexit.o(.ARM.Collect$$rtexit$$00000000) for .ARM.Collect$$rtexit$$00000000
    libinit2.o(.ARM.Collect$$libinit$$0000000E) refers to libinit2.o(.ARM.Collect$$libinit$$0000000D) for .ARM.Collect$$libinit$$0000000D
    libinit2.o(.ARM.Collect$$libinit$$00000010) refers to libinit2.o(.ARM.Collect$$libinit$$0000000D) for .ARM.Collect$$libinit$$0000000D
    libinit2.o(.ARM.Collect$$libinit$$00000012) refers to libinit2.o(.ARM.Collect$$libinit$$0000000D) for .ARM.Collect$$libinit$$0000000D
    libinit2.o(.ARM.Collect$$libinit$$00000014) refers to libinit2.o(.ARM.Collect$$libinit$$0000000D) for .ARM.Collect$$libinit$$0000000D
    libinit2.o(.ARM.Collect$$libinit$$00000016) refers to libinit2.o(.ARM.Collect$$libinit$$0000000D) for .ARM.Collect$$libinit$$0000000D
    libinit2.o(.ARM.Collect$$libinit$$00000024) refers to argv_veneer.o(.emb_text) for __ARM_argv_veneer
    libinit2.o(.ARM.Collect$$libinit$$00000025) refers to argv_veneer.o(.emb_text) for __ARM_argv_veneer
    rtexit2.o(.ARM.Collect$$rtexit$$00000003) refers to libshutdown.o(.ARM.Collect$$libshutdown$$00000000) for __rt_lib_shutdown
    rtexit2.o(.ARM.Collect$$rtexit$$00000004) refers to sys_exit.o(.text) for _sys_exit
    rtexit2.o(.ARM.exidx) refers to rtexit2.o(.ARM.Collect$$rtexit$$00000001) for .ARM.Collect$$rtexit$$00000001
    rtexit2.o(.ARM.exidx) refers to rtexit2.o(.ARM.Collect$$rtexit$$00000003) for .ARM.Collect$$rtexit$$00000003
    rtexit2.o(.ARM.exidx) refers to rtexit2.o(.ARM.Collect$$rtexit$$00000004) for .ARM.Collect$$rtexit$$00000004
    argv_veneer.o(.emb_text) refers to no_argv.o(.text) for __ARM_get_argv
    sys_exit.o(.text) refers (Special) to use_no_semi.o(.text) for __I$use$semihosting
    sys_exit.o(.text) refers (Special) to indicate_semi.o(.text) for __semihosting_library_function
    _get_argv_nomalloc.o(.text) refers (Special) to hrguard.o(.text) for __heap_region$guard
    _get_argv_nomalloc.o(.text) refers to defsig_rtmem_outer.o(.text) for __rt_SIGRTMEM
    _get_argv_nomalloc.o(.text) refers to sys_command.o(.text) for _sys_command_string
    libshutdown.o(.ARM.Collect$$libshutdown$$00000000) refers (Special) to libshutdown2.o(.ARM.Collect$$libshutdown$$00000006) for __rt_lib_shutdown_fp_trap_1
    libshutdown.o(.ARM.Collect$$libshutdown$$00000000) refers (Special) to libshutdown2.o(.ARM.Collect$$libshutdown$$0000000E) for __rt_lib_shutdown_heap_1
    libshutdown.o(.ARM.Collect$$libshutdown$$00000000) refers (Special) to libshutdown2.o(.ARM.Collect$$libshutdown$$0000000F) for __rt_lib_shutdown_return
    libshutdown.o(.ARM.Collect$$libshutdown$$00000000) refers (Special) to libshutdown2.o(.ARM.Collect$$libshutdown$$00000009) for __rt_lib_shutdown_signal_1
    libshutdown.o(.ARM.Collect$$libshutdown$$00000000) refers (Special) to libshutdown2.o(.ARM.Collect$$libshutdown$$00000003) for __rt_lib_shutdown_stdio_1
    libshutdown.o(.ARM.Collect$$libshutdown$$00000000) refers (Special) to libshutdown2.o(.ARM.Collect$$libshutdown$$0000000B) for __rt_lib_shutdown_user_alloc_1
    sys_command.o(.text) refers (Special) to use_no_semi.o(.text) for __I$use$semihosting
    sys_command.o(.text) refers (Special) to indicate_semi.o(.text) for __semihosting_library_function
    defsig_rtmem_outer.o(.text) refers to defsig_rtmem_inner.o(.text) for __rt_SIGRTMEM_inner
    defsig_rtmem_outer.o(.text) refers to defsig_exit.o(.text) for __sig_exit
    defsig_rtmem_formal.o(.text) refers to rt_raise.o(.text) for __rt_raise
    rt_raise.o(.text) refers to __raise.o(.text) for __raise
    rt_raise.o(.text) refers to sys_exit.o(.text) for _sys_exit
    defsig_exit.o(.text) refers to sys_exit.o(.text) for _sys_exit
    defsig_rtmem_inner.o(.text) refers to defsig_general.o(.text) for __default_signal_display
    __raise.o(.text) refers to defsig.o(CL$$defsig) for __default_signal_handler
    defsig_general.o(.text) refers to sys_wrch.o(.text) for _ttywrch
    sys_wrch.o(.text) refers (Special) to use_no_semi.o(.text) for __I$use$semihosting
    sys_wrch.o(.text) refers (Special) to indicate_semi.o(.text) for __semihosting_library_function
    defsig.o(CL$$defsig) refers to defsig_rtmem_inner.o(.text) for __rt_SIGRTMEM_inner
    defsig_abrt_inner.o(.text) refers to defsig_general.o(.text) for __default_signal_display
    defsig_fpe_inner.o(.text) refers to defsig_general.o(.text) for __default_signal_display
    defsig_rtred_inner.o(.text) refers to defsig_general.o(.text) for __default_signal_display
    defsig_stak_inner.o(.text) refers to defsig_general.o(.text) for __default_signal_display
    defsig_pvfn_inner.o(.text) refers to defsig_general.o(.text) for __default_signal_display
    defsig_cppl_inner.o(.text) refers to defsig_general.o(.text) for __default_signal_display
    defsig_segv_inner.o(.text) refers to defsig_general.o(.text) for __default_signal_display
    defsig_other.o(.text) refers to defsig_general.o(.text) for __default_signal_display


==============================================================================

Removing Unused input sections from the image.

    Removing vms.o(i.PLL_Init), (124 bytes).
    Removing vms.o(i.stringAppend), (38 bytes).
    Removing system_tm4c123.o(.rev16_text), (4 bytes).
    Removing system_tm4c123.o(.revsh_text), (4 bytes).
    Removing system_tm4c123.o(i.SystemCoreClockUpdate), (196 bytes).
    Removing system_tm4c123.o(i.getOscClk), (248 bytes).
    Removing system_tm4c123.o(.data), (4 bytes).
    Removing lcd.o(i.lcd_cls), (16 bytes).
    Removing lcd.o(i.lcd_command), (168 bytes).
    Removing lcd.o(i.lcd_goto), (58 bytes).
    Removing lcd.o(i.lcd_init), (216 bytes).
    Removing lcd.o(i.lcd_putch), (152 bytes).
    Removing lcd.o(i.lcd_puts), (22 bytes).
    Removing systick.o(i.SysTick_delay_us), (22 bytes).
    Removing uart.o(i.Init_UART), (340 bytes).
    Removing uart.o(i.UARTn_RxCh), (136 bytes).
    Removing uart.o(i.UARTn_RxChNonBlocking), (136 bytes).
    Removing uart.o(i.UARTn_TxCh), (136 bytes).
    Removing uart.o(i.UARTn_TxStr), (30 bytes).
    Removing gps.o(i.GPS_GetParam), (56 bytes).
    Removing gps.o(i.GPS_WaitForFixData), (72 bytes).

21 unused section(s) (total 2178 bytes) removed from the image.

==============================================================================

Image Symbol Table

    Local Symbols

    Symbol Name                              Value     Ov Type        Size  Object(Section)

    RESET                                    0x00000000   Section      620  startup_tm4c123.o(RESET)
    ../clib/angel/boardlib.s                 0x00000000   Number         0  boardinit2.o ABSOLUTE
    ../clib/angel/boardlib.s                 0x00000000   Number         0  boardinit3.o ABSOLUTE
    ../clib/angel/boardlib.s                 0x00000000   Number         0  boardshut.o ABSOLUTE
    ../clib/angel/boardlib.s                 0x00000000   Number         0  boardinit1.o ABSOLUTE
    ../clib/angel/dczerorl2.s                0x00000000   Number         0  __dczerorl2.o ABSOLUTE
    ../clib/angel/handlers.s                 0x00000000   Number         0  __scatter_zi.o ABSOLUTE
    ../clib/angel/kernel.s                   0x00000000   Number         0  rtexit.o ABSOLUTE
    ../clib/angel/kernel.s                   0x00000000   Number         0  rtentry4.o ABSOLUTE
    ../clib/angel/kernel.s                   0x00000000   Number         0  rtentry2.o ABSOLUTE
    ../clib/angel/kernel.s                   0x00000000   Number         0  rtentry.o ABSOLUTE
    ../clib/angel/kernel.s                   0x00000000   Number         0  rtexit2.o ABSOLUTE
    ../clib/angel/rt.s                       0x00000000   Number         0  rt_raise.o ABSOLUTE
    ../clib/angel/scatter.s                  0x00000000   Number         0  __scatter.o ABSOLUTE
    ../clib/angel/startup.s                  0x00000000   Number         0  __main.o ABSOLUTE
    ../clib/angel/sys.s                      0x00000000   Number         0  libspace.o ABSOLUTE
    ../clib/angel/sys.s                      0x00000000   Number         0  use_no_semi.o ABSOLUTE
    ../clib/angel/sys.s                      0x00000000   Number         0  indicate_semi.o ABSOLUTE
    ../clib/angel/sys.s                      0x00000000   Number         0  sys_stackheap_outer.o ABSOLUTE
    ../clib/angel/sysapp.c                   0x00000000   Number         0  sys_exit.o ABSOLUTE
    ../clib/angel/sysapp.c                   0x00000000   Number         0  sys_command.o ABSOLUTE
    ../clib/angel/sysapp.c                   0x00000000   Number         0  sys_wrch.o ABSOLUTE
    ../clib/armsys.c                         0x00000000   Number         0  _get_argv_nomalloc.o ABSOLUTE
    ../clib/armsys.c                         0x00000000   Number         0  no_argv.o ABSOLUTE
    ../clib/armsys.c                         0x00000000   Number         0  argv_veneer.o ABSOLUTE
    ../clib/armsys.c                         0x00000000   Number         0  argv_veneer.o ABSOLUTE
    ../clib/heapalloc.c                      0x00000000   Number         0  hrguard.o ABSOLUTE
    ../clib/heapaux.c                        0x00000000   Number         0  heapauxi.o ABSOLUTE
    ../clib/libinit.s                        0x00000000   Number         0  libinit.o ABSOLUTE
    ../clib/libinit.s                        0x00000000   Number         0  libshutdown.o ABSOLUTE
    ../clib/libinit.s                        0x00000000   Number         0  libshutdown2.o ABSOLUTE
    ../clib/libinit.s                        0x00000000   Number         0  libinit2.o ABSOLUTE
    ../clib/signal.c                         0x00000000   Number         0  __raise.o ABSOLUTE
    ../clib/signal.c                         0x00000000   Number         0  defsig_rtred_inner.o ABSOLUTE
    ../clib/signal.c                         0x00000000   Number         0  defsig_rtmem_inner.o ABSOLUTE
    ../clib/signal.c                         0x00000000   Number         0  defsig_stak_inner.o ABSOLUTE
    ../clib/signal.c                         0x00000000   Number         0  defsig_cppl_inner.o ABSOLUTE
    ../clib/signal.c                         0x00000000   Number         0  defsig_segv_inner.o ABSOLUTE
    ../clib/signal.c                         0x00000000   Number         0  defsig_other.o ABSOLUTE
    ../clib/signal.c                         0x00000000   Number         0  defsig_pvfn_inner.o ABSOLUTE
    ../clib/signal.c                         0x00000000   Number         0  defsig_exit.o ABSOLUTE
    ../clib/signal.c                         0x00000000   Number         0  defsig_rtmem_outer.o ABSOLUTE
    ../clib/signal.c                         0x00000000   Number         0  defsig_abrt_inner.o ABSOLUTE
    ../clib/signal.c                         0x00000000   Number         0  defsig_rtmem_formal.o ABSOLUTE
    ../clib/signal.c                         0x00000000   Number         0  defsig_fpe_inner.o ABSOLUTE
    ../clib/signal.c                         0x00000000   Number         0  defsig_general.o ABSOLUTE
    ../clib/signal.s                         0x00000000   Number         0  defsig.o ABSOLUTE
    ../clib/stdlib.c                         0x00000000   Number         0  exit.o ABSOLUTE
    ../fplib/ddiv.s                          0x00000000   Number         0  ddiv.o ABSOLUTE
    ../fplib/dfix.s                          0x00000000   Number         0  dfix.o ABSOLUTE
    ../fplib/dflt.s                          0x00000000   Number         0  dflt_clz.o ABSOLUTE
    ../fplib/dnaninf.s                       0x00000000   Number         0  dnaninf.o ABSOLUTE
    ../fplib/dretinf.s                       0x00000000   Number         0  dretinf.o ABSOLUTE
    ../fplib/fpinit.s                        0x00000000   Number         0  fpinit.o ABSOLUTE
    ../fplib/usenofp.s                       0x00000000   Number         0  usenofp.o ABSOLUTE
    SysTick.c                                0x00000000   Number         0  systick.o ABSOLUTE
    dac.c                                    0x00000000   Number         0  dac.o ABSOLUTE
    dc.s                                     0x00000000   Number         0  dc.o ABSOLUTE
    fsk.c                                    0x00000000   Number         0  fsk.o ABSOLUTE
    gps.c                                    0x00000000   Number         0  gps.o ABSOLUTE
    lcd.c                                    0x00000000   Number         0  lcd.o ABSOLUTE
    startup_TM4C123.s                        0x00000000   Number         0  startup_tm4c123.o ABSOLUTE
    system_TM4C123.c                         0x00000000   Number         0  system_tm4c123.o ABSOLUTE
    system_TM4C123.c                         0x00000000   Number         0  system_tm4c123.o ABSOLUTE
    uart.c                                   0x00000000   Number         0  uart.o ABSOLUTE
    vms.c                                    0x00000000   Number         0  vms.o ABSOLUTE
    !!!main                                  0x0000026c   Section        8  __main.o(!!!main)
    !!!scatter                               0x00000274   Section       52  __scatter.o(!!!scatter)
    !!dczerorl2                              0x000002a8   Section       90  __dczerorl2.o(!!dczerorl2)
    !!handler_zi                             0x00000304   Section       28  __scatter_zi.o(!!handler_zi)
    .ARM.Collect$$libinit$$00000000          0x00000320   Section        2  libinit.o(.ARM.Collect$$libinit$$00000000)
    .ARM.Collect$$libinit$$00000002          0x00000322   Section        0  libinit2.o(.ARM.Collect$$libinit$$00000002)
    .ARM.Collect$$libinit$$00000008          0x00000322   Section        0  libinit2.o(.ARM.Collect$$libinit$$00000008)
    .ARM.Collect$$libinit$$0000000A          0x00000322   Section        0  libinit2.o(.ARM.Collect$$libinit$$0000000A)
    .ARM.Collect$$libinit$$0000000C          0x00000322   Section        0  libinit2.o(.ARM.Collect$$libinit$$0000000C)
    .ARM.Collect$$libinit$$0000000F          0x00000322   Section        0  libinit2.o(.ARM.Collect$$libinit$$0000000F)
    .ARM.Collect$$libinit$$00000011          0x00000322   Section        0  libinit2.o(.ARM.Collect$$libinit$$00000011)
    .ARM.Collect$$libinit$$00000013          0x00000322   Section        0  libinit2.o(.ARM.Collect$$libinit$$00000013)
    .ARM.Collect$$libinit$$00000015          0x00000322   Section        0  libinit2.o(.ARM.Collect$$libinit$$00000015)
    .ARM.Collect$$libinit$$00000017          0x00000322   Section        0  libinit2.o(.ARM.Collect$$libinit$$00000017)
    .ARM.Collect$$libinit$$00000019          0x00000322   Section        0  libinit2.o(.ARM.Collect$$libinit$$00000019)
    .ARM.Collect$$libinit$$0000001B          0x00000322   Section        0  libinit2.o(.ARM.Collect$$libinit$$0000001B)
    .ARM.Collect$$libinit$$0000001D          0x00000322   Section        0  libinit2.o(.ARM.Collect$$libinit$$0000001D)
    .ARM.Collect$$libinit$$0000001F          0x00000322   Section        0  libinit2.o(.ARM.Collect$$libinit$$0000001F)
    .ARM.Collect$$libinit$$00000021          0x00000322   Section        0  libinit2.o(.ARM.Collect$$libinit$$00000021)
    .ARM.Collect$$libinit$$00000023          0x00000322   Section        0  libinit2.o(.ARM.Collect$$libinit$$00000023)
    .ARM.Collect$$libinit$$0000002A          0x00000322   Section        0  libinit2.o(.ARM.Collect$$libinit$$0000002A)
    .ARM.Collect$$libinit$$0000002C          0x00000322   Section        0  libinit2.o(.ARM.Collect$$libinit$$0000002C)
    .ARM.Collect$$libinit$$0000002E          0x00000322   Section        0  libinit2.o(.ARM.Collect$$libinit$$0000002E)
    .ARM.Collect$$libinit$$00000030          0x00000322   Section        0  libinit2.o(.ARM.Collect$$libinit$$00000030)
    .ARM.Collect$$libinit$$00000031          0x00000322   Section        2  libinit2.o(.ARM.Collect$$libinit$$00000031)
    .ARM.Collect$$libshutdown$$00000000      0x00000324   Section        2  libshutdown.o(.ARM.Collect$$libshutdown$$00000000)
    .ARM.Collect$$libshutdown$$00000003      0x00000326   Section        0  libshutdown2.o(.ARM.Collect$$libshutdown$$00000003)
    .ARM.Collect$$libshutdown$$00000006      0x00000326   Section        0  libshutdown2.o(.ARM.Collect$$libshutdown$$00000006)
    .ARM.Collect$$libshutdown$$00000009      0x00000326   Section        0  libshutdown2.o(.ARM.Collect$$libshutdown$$00000009)
    .ARM.Collect$$libshutdown$$0000000B      0x00000326   Section        0  libshutdown2.o(.ARM.Collect$$libshutdown$$0000000B)
    .ARM.Collect$$libshutdown$$0000000E      0x00000326   Section        0  libshutdown2.o(.ARM.Collect$$libshutdown$$0000000E)
    .ARM.Collect$$libshutdown$$0000000F      0x00000326   Section        2  libshutdown2.o(.ARM.Collect$$libshutdown$$0000000F)
    .ARM.Collect$$rtentry$$00000000          0x00000328   Section        0  rtentry.o(.ARM.Collect$$rtentry$$00000000)
    .ARM.Collect$$rtentry$$00000002          0x00000328   Section        0  rtentry2.o(.ARM.Collect$$rtentry$$00000002)
    .ARM.Collect$$rtentry$$00000004          0x00000328   Section        6  rtentry4.o(.ARM.Collect$$rtentry$$00000004)
    .ARM.Collect$$rtentry$$00000009          0x0000032e   Section        0  rtentry2.o(.ARM.Collect$$rtentry$$00000009)
    .ARM.Collect$$rtentry$$0000000A          0x0000032e   Section        4  rtentry2.o(.ARM.Collect$$rtentry$$0000000A)
    .ARM.Collect$$rtentry$$0000000C          0x00000332   Section        0  rtentry2.o(.ARM.Collect$$rtentry$$0000000C)
    .ARM.Collect$$rtentry$$0000000D          0x00000332   Section        8  rtentry2.o(.ARM.Collect$$rtentry$$0000000D)
    .ARM.Collect$$rtexit$$00000000           0x0000033a   Section        2  rtexit.o(.ARM.Collect$$rtexit$$00000000)
    .ARM.Collect$$rtexit$$00000002           0x0000033c   Section        0  rtexit2.o(.ARM.Collect$$rtexit$$00000002)
    .ARM.Collect$$rtexit$$00000003           0x0000033c   Section        4  rtexit2.o(.ARM.Collect$$rtexit$$00000003)
    .ARM.Collect$$rtexit$$00000004           0x00000340   Section        6  rtexit2.o(.ARM.Collect$$rtexit$$00000004)
    .text                                    0x00000348   Section      276  startup_tm4c123.o(.text)
    .text                                    0x0000045c   Section        0  heapauxi.o(.text)
    .text                                    0x00000462   Section       74  sys_stackheap_outer.o(.text)
    .text                                    0x000004ac   Section        0  exit.o(.text)
    .text                                    0x000004b8   Section        8  libspace.o(.text)
    .text                                    0x000004c0   Section        0  sys_exit.o(.text)
    .text                                    0x000004cc   Section        2  use_no_semi.o(.text)
    .text                                    0x000004ce   Section        0  indicate_semi.o(.text)
    i.SysTick_Init                           0x000004ce   Section        0  systick.o(i.SysTick_Init)
    i.SysTick_Wait                           0x000004e6   Section        0  systick.o(i.SysTick_Wait)
    i.SysTick_delay_ms                       0x00000506   Section        0  systick.o(i.SysTick_delay_ms)
    i.SystemInit                             0x00000520   Section        0  system_tm4c123.o(i.SystemInit)
    i.TIMER0A_Handler                        0x000005a8   Section        0  vms.o(i.TIMER0A_Handler)
    i.bitFuser                               0x000005dc   Section        0  vms.o(i.bitFuser)
    i.cosine                                 0x00000608   Section        0  vms.o(i.cosine)
    i.dac_dataOut                            0x00000640   Section        0  dac.o(i.dac_dataOut)
    i.dac_init                               0x000006e4   Section        0  dac.o(i.dac_init)
    i.fsk_init                               0x00000794   Section        0  fsk.o(i.fsk_init)
    i.getNextSample                          0x0000084c   Section        0  vms.o(i.getNextSample)
    i.main                                   0x00000984   Section        0  vms.o(i.main)
    i.stringToSymbols                        0x00000a4c   Section        0  vms.o(i.stringToSymbols)
    i.symbolLookUp                           0x00000a84   Section        0  vms.o(i.symbolLookUp)
    i.symbolsReplicate                       0x00000a9c   Section        0  vms.o(i.symbolsReplicate)
    x$fpl$ddiv                               0x00000ad4   Section      688  ddiv.o(x$fpl$ddiv)
    ddiv_entry                               0x00000adb   Thumb Code     0  ddiv.o(x$fpl$ddiv)
    x$fpl$dfix                               0x00000d84   Section       94  dfix.o(x$fpl$dfix)
    x$fpl$dflt                               0x00000de2   Section       46  dflt_clz.o(x$fpl$dflt)
    x$fpl$dnaninf                            0x00000e10   Section      156  dnaninf.o(x$fpl$dnaninf)
    x$fpl$dretinf                            0x00000eac   Section       12  dretinf.o(x$fpl$dretinf)
    x$fpl$usenofp                            0x00000eb8   Section        0  usenofp.o(x$fpl$usenofp)
    .data                                    0x20000000   Section      256  vms.o(.data)
    .data                                    0x20000100   Section      800  fsk.o(.data)
    .data                                    0x20000420   Section        4  dac.o(.data)
    .bss                                     0x20000424   Section     8932  vms.o(.bss)
    .bss                                     0x20002708   Section       96  libspace.o(.bss)
    HEAP                                     0x20002768   Section        0  startup_tm4c123.o(HEAP)
    STACK                                    0x20002768   Section      512  startup_tm4c123.o(STACK)
    Heap_Mem                                 0x20002768   Data           0  startup_tm4c123.o(HEAP)
    Stack_Mem                                0x20002768   Data         512  startup_tm4c123.o(STACK)
    __initial_sp                             0x20002968   Data           0  startup_tm4c123.o(STACK)

    Global Symbols

    Symbol Name                              Value     Ov Type        Size  Object(Section)

    BuildAttributes$$THM_ISAv4$E$P$D$K$B$S$7EM$PE$A:L22UL41UL21$X:L11$S22US41US21$IEEE1$IW$USESV6$~STKCKD$USESV7$~SHL$OSPACE$ROPI$EBA8$UX$STANDARDLIB$REQ8$PRES8$EABIv2 0x00000000   Number         0  anon$$obj.o ABSOLUTE
    __ARM_use_no_argv                        0x00000000   Number         0  vms.o ABSOLUTE
    __Vectors                                0x00000000   Data           4  startup_tm4c123.o(RESET)
    __ARM_exceptions_init                     - Undefined Weak Reference
    __alloca_initialize                       - Undefined Weak Reference
    __cpp_initialize__aeabi_                  - Undefined Weak Reference
    __cxa_finalize                            - Undefined Weak Reference
    __rt_locale                               - Undefined Weak Reference
    __sigvec_lookup                           - Undefined Weak Reference
    _atexit_init                              - Undefined Weak Reference
    _call_atexit_fns                          - Undefined Weak Reference
    _clock_init                               - Undefined Weak Reference
    _fp_trap_init                             - Undefined Weak Reference
    _fp_trap_shutdown                         - Undefined Weak Reference
    _get_lc_collate                           - Undefined Weak Reference
    _get_lc_ctype                             - Undefined Weak Reference
    _get_lc_monetary                          - Undefined Weak Reference
    _get_lc_numeric                           - Undefined Weak Reference
    _get_lc_time                              - Undefined Weak Reference
    _getenv_init                              - Undefined Weak Reference
    _handle_redirection                       - Undefined Weak Reference
    _init_alloc                               - Undefined Weak Reference
    _init_user_alloc                          - Undefined Weak Reference
    _initio                                   - Undefined Weak Reference
    _rand_init                                - Undefined Weak Reference
    _signal_finish                            - Undefined Weak Reference
    _signal_init                              - Undefined Weak Reference
    _terminate_alloc                          - Undefined Weak Reference
    _terminate_user_alloc                     - Undefined Weak Reference
    _terminateio                              - Undefined Weak Reference
    __Vectors_End                            0x0000026c   Data           0  startup_tm4c123.o(RESET)
    __Vectors_Size                           0x0000026c   Number         0  startup_tm4c123.o ABSOLUTE
    __main                                   0x0000026d   Thumb Code     8  __main.o(!!!main)
    __scatterload                            0x00000275   Thumb Code     0  __scatter.o(!!!scatter)
    __scatterload_rt2                        0x00000275   Thumb Code    44  __scatter.o(!!!scatter)
    __scatterload_rt2_thumb_only             0x00000275   Thumb Code     0  __scatter.o(!!!scatter)
    __scatterload_null                       0x00000283   Thumb Code     0  __scatter.o(!!!scatter)
    __decompress                             0x000002a9   Thumb Code    90  __dczerorl2.o(!!dczerorl2)
    __decompress1                            0x000002a9   Thumb Code     0  __dczerorl2.o(!!dczerorl2)
    __scatterload_zeroinit                   0x00000305   Thumb Code    28  __scatter_zi.o(!!handler_zi)
    __rt_lib_init                            0x00000321   Thumb Code     0  libinit.o(.ARM.Collect$$libinit$$00000000)
    __rt_lib_init_alloca_1                   0x00000323   Thumb Code     0  libinit2.o(.ARM.Collect$$libinit$$0000002C)
    __rt_lib_init_argv_1                     0x00000323   Thumb Code     0  libinit2.o(.ARM.Collect$$libinit$$0000002A)
    __rt_lib_init_atexit_1                   0x00000323   Thumb Code     0  libinit2.o(.ARM.Collect$$libinit$$00000019)
    __rt_lib_init_clock_1                    0x00000323   Thumb Code     0  libinit2.o(.ARM.Collect$$libinit$$0000001F)
    __rt_lib_init_cpp_1                      0x00000323   Thumb Code     0  libinit2.o(.ARM.Collect$$libinit$$00000030)
    __rt_lib_init_exceptions_1               0x00000323   Thumb Code     0  libinit2.o(.ARM.Collect$$libinit$$0000002E)
    __rt_lib_init_fp_1                       0x00000323   Thumb Code     0  libinit2.o(.ARM.Collect$$libinit$$00000002)
    __rt_lib_init_fp_trap_1                  0x00000323   Thumb Code     0  libinit2.o(.ARM.Collect$$libinit$$0000001D)
    __rt_lib_init_getenv_1                   0x00000323   Thumb Code     0  libinit2.o(.ARM.Collect$$libinit$$00000021)
    __rt_lib_init_heap_1                     0x00000323   Thumb Code     0  libinit2.o(.ARM.Collect$$libinit$$00000008)
    __rt_lib_init_lc_collate_1               0x00000323   Thumb Code     0  libinit2.o(.ARM.Collect$$libinit$$0000000F)
    __rt_lib_init_lc_ctype_1                 0x00000323   Thumb Code     0  libinit2.o(.ARM.Collect$$libinit$$00000011)
    __rt_lib_init_lc_monetary_1              0x00000323   Thumb Code     0  libinit2.o(.ARM.Collect$$libinit$$00000013)
    __rt_lib_init_lc_numeric_1               0x00000323   Thumb Code     0  libinit2.o(.ARM.Collect$$libinit$$00000015)
    __rt_lib_init_lc_time_1                  0x00000323   Thumb Code     0  libinit2.o(.ARM.Collect$$libinit$$00000017)
    __rt_lib_init_rand_1                     0x00000323   Thumb Code     0  libinit2.o(.ARM.Collect$$libinit$$0000000C)
    __rt_lib_init_return                     0x00000323   Thumb Code     0  libinit2.o(.ARM.Collect$$libinit$$00000031)
    __rt_lib_init_signal_1                   0x00000323   Thumb Code     0  libinit2.o(.ARM.Collect$$libinit$$0000001B)
    __rt_lib_init_stdio_1                    0x00000323   Thumb Code     0  libinit2.o(.ARM.Collect$$libinit$$00000023)
    __rt_lib_init_user_alloc_1               0x00000323   Thumb Code     0  libinit2.o(.ARM.Collect$$libinit$$0000000A)
    __rt_lib_shutdown                        0x00000325   Thumb Code     0  libshutdown.o(.ARM.Collect$$libshutdown$$00000000)
    __rt_lib_shutdown_fp_trap_1              0x00000327   Thumb Code     0  libshutdown2.o(.ARM.Collect$$libshutdown$$00000006)
    __rt_lib_shutdown_heap_1                 0x00000327   Thumb Code     0  libshutdown2.o(.ARM.Collect$$libshutdown$$0000000E)
    __rt_lib_shutdown_return                 0x00000327   Thumb Code     0  libshutdown2.o(.ARM.Collect$$libshutdown$$0000000F)
    __rt_lib_shutdown_signal_1               0x00000327   Thumb Code     0  libshutdown2.o(.ARM.Collect$$libshutdown$$00000009)
    __rt_lib_shutdown_stdio_1                0x00000327   Thumb Code     0  libshutdown2.o(.ARM.Collect$$libshutdown$$00000003)
    __rt_lib_shutdown_user_alloc_1           0x00000327   Thumb Code     0  libshutdown2.o(.ARM.Collect$$libshutdown$$0000000B)
    __rt_entry                               0x00000329   Thumb Code     0  rtentry.o(.ARM.Collect$$rtentry$$00000000)
    __rt_entry_presh_1                       0x00000329   Thumb Code     0  rtentry2.o(.ARM.Collect$$rtentry$$00000002)
    __rt_entry_sh                            0x00000329   Thumb Code     0  rtentry4.o(.ARM.Collect$$rtentry$$00000004)
    __rt_entry_li                            0x0000032f   Thumb Code     0  rtentry2.o(.ARM.Collect$$rtentry$$0000000A)
    __rt_entry_postsh_1                      0x0000032f   Thumb Code     0  rtentry2.o(.ARM.Collect$$rtentry$$00000009)
    __rt_entry_main                          0x00000333   Thumb Code     0  rtentry2.o(.ARM.Collect$$rtentry$$0000000D)
    __rt_entry_postli_1                      0x00000333   Thumb Code     0  rtentry2.o(.ARM.Collect$$rtentry$$0000000C)
    __rt_exit                                0x0000033b   Thumb Code     0  rtexit.o(.ARM.Collect$$rtexit$$00000000)
    __rt_exit_ls                             0x0000033d   Thumb Code     0  rtexit2.o(.ARM.Collect$$rtexit$$00000003)
    __rt_exit_prels_1                        0x0000033d   Thumb Code     0  rtexit2.o(.ARM.Collect$$rtexit$$00000002)
    __rt_exit_exit                           0x00000341   Thumb Code     0  rtexit2.o(.ARM.Collect$$rtexit$$00000004)
    Reset_Handler                            0x00000349   Thumb Code     8  startup_tm4c123.o(.text)
    NMI_Handler                              0x00000351   Thumb Code     2  startup_tm4c123.o(.text)
    HardFault_Handler                        0x00000353   Thumb Code     2  startup_tm4c123.o(.text)
    MemManage_Handler                        0x00000355   Thumb Code     2  startup_tm4c123.o(.text)
    BusFault_Handler                         0x00000357   Thumb Code     2  startup_tm4c123.o(.text)
    UsageFault_Handler                       0x00000359   Thumb Code     2  startup_tm4c123.o(.text)
    SVC_Handler                              0x0000035b   Thumb Code     2  startup_tm4c123.o(.text)
    DebugMon_Handler                         0x0000035d   Thumb Code     2  startup_tm4c123.o(.text)
    PendSV_Handler                           0x0000035f   Thumb Code     2  startup_tm4c123.o(.text)
    SysTick_Handler                          0x00000361   Thumb Code     2  startup_tm4c123.o(.text)
    GPIOA_Handler                            0x00000363   Thumb Code     2  startup_tm4c123.o(.text)
    GPIOB_Handler                            0x00000365   Thumb Code     2  startup_tm4c123.o(.text)
    GPIOC_Handler                            0x00000367   Thumb Code     2  startup_tm4c123.o(.text)
    GPIOD_Handler                            0x00000369   Thumb Code     2  startup_tm4c123.o(.text)
    GPIOE_Handler                            0x0000036b   Thumb Code     2  startup_tm4c123.o(.text)
    UART0_Handler                            0x0000036d   Thumb Code     2  startup_tm4c123.o(.text)
    UART1_Handler                            0x0000036f   Thumb Code     2  startup_tm4c123.o(.text)
    SSI0_Handler                             0x00000371   Thumb Code     2  startup_tm4c123.o(.text)
    I2C0_Handler                             0x00000373   Thumb Code     2  startup_tm4c123.o(.text)
    PMW0_FAULT_Handler                       0x00000375   Thumb Code     2  startup_tm4c123.o(.text)
    PWM0_0_Handler                           0x00000377   Thumb Code     2  startup_tm4c123.o(.text)
    PWM0_1_Handler                           0x00000379   Thumb Code     2  startup_tm4c123.o(.text)
    PWM0_2_Handler                           0x0000037b   Thumb Code     2  startup_tm4c123.o(.text)
    QEI0_Handler                             0x0000037d   Thumb Code     2  startup_tm4c123.o(.text)
    ADC0SS0_Handler                          0x0000037f   Thumb Code     2  startup_tm4c123.o(.text)
    ADC0SS1_Handler                          0x00000381   Thumb Code     2  startup_tm4c123.o(.text)
    ADC0SS2_Handler                          0x00000383   Thumb Code     2  startup_tm4c123.o(.text)
    ADC0SS3_Handler                          0x00000385   Thumb Code     2  startup_tm4c123.o(.text)
    WDT0_Handler                             0x00000387   Thumb Code     2  startup_tm4c123.o(.text)
    TIMER0B_Handler                          0x0000038b   Thumb Code     2  startup_tm4c123.o(.text)
    TIMER1A_Handler                          0x0000038d   Thumb Code     2  startup_tm4c123.o(.text)
    TIMER1B_Handler                          0x0000038f   Thumb Code     2  startup_tm4c123.o(.text)
    TIMER2A_Handler                          0x00000391   Thumb Code     2  startup_tm4c123.o(.text)
    TIMER2B_Handler                          0x00000393   Thumb Code     2  startup_tm4c123.o(.text)
    COMP0_Handler                            0x00000395   Thumb Code     2  startup_tm4c123.o(.text)
    COMP1_Handler                            0x00000397   Thumb Code     2  startup_tm4c123.o(.text)
    COMP2_Handler                            0x00000399   Thumb Code     2  startup_tm4c123.o(.text)
    SYSCTL_Handler                           0x0000039b   Thumb Code     2  startup_tm4c123.o(.text)
    FLASH_Handler                            0x0000039d   Thumb Code     2  startup_tm4c123.o(.text)
    GPIOF_Handler                            0x0000039f   Thumb Code     2  startup_tm4c123.o(.text)
    GPIOG_Handler                            0x000003a1   Thumb Code     2  startup_tm4c123.o(.text)
    GPIOH_Handler                            0x000003a3   Thumb Code     2  startup_tm4c123.o(.text)
    UART2_Handler                            0x000003a5   Thumb Code     2  startup_tm4c123.o(.text)
    SSI1_Handler                             0x000003a7   Thumb Code     2  startup_tm4c123.o(.text)
    TIMER3A_Handler                          0x000003a9   Thumb Code     2  startup_tm4c123.o(.text)
    TIMER3B_Handler                          0x000003ab   Thumb Code     2  startup_tm4c123.o(.text)
    I2C1_Handler                             0x000003ad   Thumb Code     2  startup_tm4c123.o(.text)
    QEI1_Handler                             0x000003af   Thumb Code     2  startup_tm4c123.o(.text)
    CAN0_Handler                             0x000003b1   Thumb Code     2  startup_tm4c123.o(.text)
    CAN1_Handler                             0x000003b3   Thumb Code     2  startup_tm4c123.o(.text)
    CAN2_Handler                             0x000003b5   Thumb Code     2  startup_tm4c123.o(.text)
    HIB_Handler                              0x000003b7   Thumb Code     2  startup_tm4c123.o(.text)
    USB0_Handler                             0x000003b9   Thumb Code     2  startup_tm4c123.o(.text)
    PWM0_3_Handler                           0x000003bb   Thumb Code     2  startup_tm4c123.o(.text)
    UDMA_Handler                             0x000003bd   Thumb Code     2  startup_tm4c123.o(.text)
    UDMAERR_Handler                          0x000003bf   Thumb Code     2  startup_tm4c123.o(.text)
    ADC1SS0_Handler                          0x000003c1   Thumb Code     2  startup_tm4c123.o(.text)
    ADC1SS1_Handler                          0x000003c3   Thumb Code     2  startup_tm4c123.o(.text)
    ADC1SS2_Handler                          0x000003c5   Thumb Code     2  startup_tm4c123.o(.text)
    ADC1SS3_Handler                          0x000003c7   Thumb Code     2  startup_tm4c123.o(.text)
    GPIOJ_Handler                            0x000003c9   Thumb Code     2  startup_tm4c123.o(.text)
    GPIOK_Handler                            0x000003cb   Thumb Code     2  startup_tm4c123.o(.text)
    GPIOL_Handler                            0x000003cd   Thumb Code     2  startup_tm4c123.o(.text)
    SSI2_Handler                             0x000003cf   Thumb Code     2  startup_tm4c123.o(.text)
    SSI3_Handler                             0x000003d1   Thumb Code     2  startup_tm4c123.o(.text)
    UART3_Handler                            0x000003d3   Thumb Code     2  startup_tm4c123.o(.text)
    UART4_Handler                            0x000003d5   Thumb Code     2  startup_tm4c123.o(.text)
    UART5_Handler                            0x000003d7   Thumb Code     2  startup_tm4c123.o(.text)
    UART6_Handler                            0x000003d9   Thumb Code     2  startup_tm4c123.o(.text)
    UART7_Handler                            0x000003db   Thumb Code     2  startup_tm4c123.o(.text)
    I2C2_Handler                             0x000003dd   Thumb Code     2  startup_tm4c123.o(.text)
    I2C3_Handler                             0x000003df   Thumb Code     2  startup_tm4c123.o(.text)
    TIMER4A_Handler                          0x000003e1   Thumb Code     2  startup_tm4c123.o(.text)
    TIMER4B_Handler                          0x000003e3   Thumb Code     2  startup_tm4c123.o(.text)
    TIMER5A_Handler                          0x000003e5   Thumb Code     2  startup_tm4c123.o(.text)
    TIMER5B_Handler                          0x000003e7   Thumb Code     2  startup_tm4c123.o(.text)
    WTIMER0A_Handler                         0x000003e9   Thumb Code     2  startup_tm4c123.o(.text)
    WTIMER0B_Handler                         0x000003eb   Thumb Code     2  startup_tm4c123.o(.text)
    WTIMER1A_Handler                         0x000003ed   Thumb Code     2  startup_tm4c123.o(.text)
    WTIMER1B_Handler                         0x000003ef   Thumb Code     2  startup_tm4c123.o(.text)
    WTIMER2A_Handler                         0x000003f1   Thumb Code     2  startup_tm4c123.o(.text)
    WTIMER2B_Handler                         0x000003f3   Thumb Code     2  startup_tm4c123.o(.text)
    WTIMER3A_Handler                         0x000003f5   Thumb Code     2  startup_tm4c123.o(.text)
    WTIMER3B_Handler                         0x000003f7   Thumb Code     2  startup_tm4c123.o(.text)
    WTIMER4A_Handler                         0x000003f9   Thumb Code     2  startup_tm4c123.o(.text)
    WTIMER4B_Handler                         0x000003fb   Thumb Code     2  startup_tm4c123.o(.text)
    WTIMER5A_Handler                         0x000003fd   Thumb Code     2  startup_tm4c123.o(.text)
    WTIMER5B_Handler                         0x000003ff   Thumb Code     2  startup_tm4c123.o(.text)
    FPU_Handler                              0x00000401   Thumb Code     2  startup_tm4c123.o(.text)
    I2C4_Handler                             0x00000403   Thumb Code     2  startup_tm4c123.o(.text)
    I2C5_Handler                             0x00000405   Thumb Code     2  startup_tm4c123.o(.text)
    GPIOM_Handler                            0x00000407   Thumb Code     2  startup_tm4c123.o(.text)
    GPION_Handler                            0x00000409   Thumb Code     2  startup_tm4c123.o(.text)
    QEI2_Handler                             0x0000040b   Thumb Code     2  startup_tm4c123.o(.text)
    GPIOP0_Handler                           0x0000040d   Thumb Code     2  startup_tm4c123.o(.text)
    GPIOP1_Handler                           0x0000040f   Thumb Code     2  startup_tm4c123.o(.text)
    GPIOP2_Handler                           0x00000411   Thumb Code     2  startup_tm4c123.o(.text)
    GPIOP3_Handler                           0x00000413   Thumb Code     2  startup_tm4c123.o(.text)
    GPIOP4_Handler                           0x00000415   Thumb Code     2  startup_tm4c123.o(.text)
    GPIOP5_Handler                           0x00000417   Thumb Code     2  startup_tm4c123.o(.text)
    GPIOP6_Handler                           0x00000419   Thumb Code     2  startup_tm4c123.o(.text)
    GPIOP7_Handler                           0x0000041b   Thumb Code     2  startup_tm4c123.o(.text)
    GPIOQ0_Handler                           0x0000041d   Thumb Code     2  startup_tm4c123.o(.text)
    GPIOQ1_Handler                           0x0000041f   Thumb Code     2  startup_tm4c123.o(.text)
    GPIOQ2_Handler                           0x00000421   Thumb Code     2  startup_tm4c123.o(.text)
    GPIOQ3_Handler                           0x00000423   Thumb Code     2  startup_tm4c123.o(.text)
    GPIOQ4_Handler                           0x00000425   Thumb Code     2  startup_tm4c123.o(.text)
    GPIOQ5_Handler                           0x00000427   Thumb Code     2  startup_tm4c123.o(.text)
    GPIOQ6_Handler                           0x00000429   Thumb Code     2  startup_tm4c123.o(.text)
    GPIOQ7_Handler                           0x0000042b   Thumb Code     2  startup_tm4c123.o(.text)
    GPIOR_Handler                            0x0000042d   Thumb Code     2  startup_tm4c123.o(.text)
    GPIOS_Handler                            0x0000042f   Thumb Code     2  startup_tm4c123.o(.text)
    PMW1_0_Handler                           0x00000431   Thumb Code     2  startup_tm4c123.o(.text)
    PWM1_1_Handler                           0x00000433   Thumb Code     2  startup_tm4c123.o(.text)
    PWM1_2_Handler                           0x00000435   Thumb Code     2  startup_tm4c123.o(.text)
    PWM1_3_Handler                           0x00000437   Thumb Code     2  startup_tm4c123.o(.text)
    PWM1_FAULT_Handler                       0x00000439   Thumb Code     2  startup_tm4c123.o(.text)
    __user_initial_stackheap                 0x0000043d   Thumb Code     0  startup_tm4c123.o(.text)
    __use_two_region_memory                  0x0000045d   Thumb Code     2  heapauxi.o(.text)
    __rt_heap_escrow$2region                 0x0000045f   Thumb Code     2  heapauxi.o(.text)
    __rt_heap_expand$2region                 0x00000461   Thumb Code     2  heapauxi.o(.text)
    __user_setup_stackheap                   0x00000463   Thumb Code    74  sys_stackheap_outer.o(.text)
    exit                                     0x000004ad   Thumb Code    12  exit.o(.text)
    __user_libspace                          0x000004b9   Thumb Code     8  libspace.o(.text)
    __user_perproc_libspace                  0x000004b9   Thumb Code     0  libspace.o(.text)
    __user_perthread_libspace                0x000004b9   Thumb Code     0  libspace.o(.text)
    _sys_exit                                0x000004c1   Thumb Code     8  sys_exit.o(.text)
    __I$use$semihosting                      0x000004cd   Thumb Code     0  use_no_semi.o(.text)
    __use_no_semihosting_swi                 0x000004cd   Thumb Code     2  use_no_semi.o(.text)
    SysTick_Init                             0x000004cf   Thumb Code    24  systick.o(i.SysTick_Init)
    __semihosting_library_function           0x000004cf   Thumb Code     0  indicate_semi.o(.text)
    SysTick_Wait                             0x000004e7   Thumb Code    32  systick.o(i.SysTick_Wait)
    SysTick_delay_ms                         0x00000507   Thumb Code    24  systick.o(i.SysTick_delay_ms)
    SystemInit                               0x00000521   Thumb Code   100  system_tm4c123.o(i.SystemInit)
    TIMER0A_Handler                          0x000005a9   Thumb Code    38  vms.o(i.TIMER0A_Handler)
    bitFuser                                 0x000005dd   Thumb Code    44  vms.o(i.bitFuser)
    cosine                                   0x00000609   Thumb Code    52  vms.o(i.cosine)
    dac_dataOut                              0x00000641   Thumb Code   144  dac.o(i.dac_dataOut)
    dac_init                                 0x000006e5   Thumb Code   140  dac.o(i.dac_init)
    fsk_init                                 0x00000795   Thumb Code   166  fsk.o(i.fsk_init)
    getNextSample                            0x0000084d   Thumb Code   260  vms.o(i.getNextSample)
    main                                     0x00000985   Thumb Code   150  vms.o(i.main)
    stringToSymbols                          0x00000a4d   Thumb Code    54  vms.o(i.stringToSymbols)
    symbolLookUp                             0x00000a85   Thumb Code    20  vms.o(i.symbolLookUp)
    symbolsReplicate                         0x00000a9d   Thumb Code    48  vms.o(i.symbolsReplicate)
    __aeabi_ddiv                             0x00000ad5   Thumb Code     0  ddiv.o(x$fpl$ddiv)
    _ddiv                                    0x00000ad5   Thumb Code   552  ddiv.o(x$fpl$ddiv)
    __aeabi_d2iz                             0x00000d85   Thumb Code     0  dfix.o(x$fpl$dfix)
    _dfix                                    0x00000d85   Thumb Code    94  dfix.o(x$fpl$dfix)
    __aeabi_i2d                              0x00000de3   Thumb Code     0  dflt_clz.o(x$fpl$dflt)
    _dflt                                    0x00000de3   Thumb Code    46  dflt_clz.o(x$fpl$dflt)
    __fpl_dnaninf                            0x00000e11   Thumb Code   156  dnaninf.o(x$fpl$dnaninf)
    __fpl_dretinf                            0x00000ead   Thumb Code    12  dretinf.o(x$fpl$dretinf)
    Region$$Table$$Base                      0x00000eb8   Number         0  anon$$obj.o(Region$$Table)
    __I$use$fp                               0x00000eb8   Number         0  usenofp.o(x$fpl$usenofp)
    Region$$Table$$Limit                     0x00000ed8   Number         0  anon$$obj.o(Region$$Table)
    msg                                      0x20000000   Data         160  vms.o(.data)
    symbolsTable                             0x200000a0   Data          32  vms.o(.data)
    dacout                                   0x200000c0   Data           2  vms.o(.data)
    totalSymbols                             0x200000c4   Data           4  vms.o(.data)
    currentSymbol                            0x200000c8   Data           4  vms.o(.data)
    curIndex                                 0x200000cc   Data           4  vms.o(.data)
    str                                      0x200000d0   Data           4  vms.o(.data)
    t                                        0x200000d8   Data           8  vms.o(.data)
    u                                        0x200000e0   Data           4  vms.o(.data)
    v                                        0x200000e4   Data           1  vms.o(.data)
    state                                    0x200000e5   Data           1  vms.o(.data)
    isSampleAvail                            0x200000e6   Data           1  vms.o(.data)
    isSampleSent                             0x200000e7   Data           1  vms.o(.data)
    xi                                       0x200000e8   Data           4  vms.o(.data)
    xq                                       0x200000ec   Data           4  vms.o(.data)
    xdac                                     0x200000f0   Data           4  vms.o(.data)
    cosxi                                    0x200000f4   Data           4  vms.o(.data)
    cosxq                                    0x200000f8   Data           4  vms.o(.data)
    cosxqamp                                 0x200000fc   Data           4  vms.o(.data)
    SineWave                                 0x20000100   Data         800  fsk.o(.data)
    d                                        0x20000420   Data           4  dac.o(.data)
    temp                                     0x20000424   Data          30  vms.o(.bss)
    GPStime                                  0x20000442   Data          96  vms.o(.bss)
    GPSlat                                   0x200004a2   Data          96  vms.o(.bss)
    GPSlong                                  0x20000502   Data          96  vms.o(.bss)
    GPSquality                               0x20000562   Data          24  vms.o(.bss)
    GPSsat                                   0x2000057a   Data          40  vms.o(.bss)
    GPSdop                                   0x200005a2   Data          40  vms.o(.bss)
    GPSalt                                   0x200005ca   Data          80  vms.o(.bss)
    w                                        0x2000061a   Data         430  vms.o(.bss)
    Symbols                                  0x200007c8   Data        8000  vms.o(.bss)
    __libspace_start                         0x20002708   Data          96  libspace.o(.bss)
    __temporary_stack_top$libspace           0x20002768   Data           0  libspace.o(.bss)



==============================================================================

Memory Map of the image

  Image Entry point : 0x00000349

  Load Region LR_1 (Base: 0x00000000, Size: 0x000012fc, Max: 0xffffffff, ABSOLUTE, COMPRESSED[0x000011fc])

    Execution Region ER_RO (Base: 0x00000000, Size: 0x00000ed8, Max: 0xffffffff, ABSOLUTE)

    Base Addr    Size         Type   Attr      Idx    E Section Name        Object

    0x00000000   0x0000026c   Data   RO            3    RESET               startup_tm4c123.o
    0x0000026c   0x00000008   Code   RO          333  * !!!main             c_w.l(__main.o)
    0x00000274   0x00000034   Code   RO          508    !!!scatter          c_w.l(__scatter.o)
    0x000002a8   0x0000005a   Code   RO          506    !!dczerorl2         c_w.l(__dczerorl2.o)
    0x00000302   0x00000002   PAD
    0x00000304   0x0000001c   Code   RO          510    !!handler_zi        c_w.l(__scatter_zi.o)
    0x00000320   0x00000002   Code   RO          379    .ARM.Collect$$libinit$$00000000  c_w.l(libinit.o)
    0x00000322   0x00000000   Code   RO          386    .ARM.Collect$$libinit$$00000002  c_w.l(libinit2.o)
    0x00000322   0x00000000   Code   RO          389    .ARM.Collect$$libinit$$00000008  c_w.l(libinit2.o)
    0x00000322   0x00000000   Code   RO          391    .ARM.Collect$$libinit$$0000000A  c_w.l(libinit2.o)
    0x00000322   0x00000000   Code   RO          393    .ARM.Collect$$libinit$$0000000C  c_w.l(libinit2.o)
    0x00000322   0x00000000   Code   RO          396    .ARM.Collect$$libinit$$0000000F  c_w.l(libinit2.o)
    0x00000322   0x00000000   Code   RO          398    .ARM.Collect$$libinit$$00000011  c_w.l(libinit2.o)
    0x00000322   0x00000000   Code   RO          400    .ARM.Collect$$libinit$$00000013  c_w.l(libinit2.o)
    0x00000322   0x00000000   Code   RO          402    .ARM.Collect$$libinit$$00000015  c_w.l(libinit2.o)
    0x00000322   0x00000000   Code   RO          404    .ARM.Collect$$libinit$$00000017  c_w.l(libinit2.o)
    0x00000322   0x00000000   Code   RO          406    .ARM.Collect$$libinit$$00000019  c_w.l(libinit2.o)
    0x00000322   0x00000000   Code   RO          408    .ARM.Collect$$libinit$$0000001B  c_w.l(libinit2.o)
    0x00000322   0x00000000   Code   RO          410    .ARM.Collect$$libinit$$0000001D  c_w.l(libinit2.o)
    0x00000322   0x00000000   Code   RO          412    .ARM.Collect$$libinit$$0000001F  c_w.l(libinit2.o)
    0x00000322   0x00000000   Code   RO          414    .ARM.Collect$$libinit$$00000021  c_w.l(libinit2.o)
    0x00000322   0x00000000   Code   RO          416    .ARM.Collect$$libinit$$00000023  c_w.l(libinit2.o)
    0x00000322   0x00000000   Code   RO          420    .ARM.Collect$$libinit$$0000002A  c_w.l(libinit2.o)
    0x00000322   0x00000000   Code   RO          422    .ARM.Collect$$libinit$$0000002C  c_w.l(libinit2.o)
    0x00000322   0x00000000   Code   RO          424    .ARM.Collect$$libinit$$0000002E  c_w.l(libinit2.o)
    0x00000322   0x00000000   Code   RO          426    .ARM.Collect$$libinit$$00000030  c_w.l(libinit2.o)
    0x00000322   0x00000002   Code   RO          427    .ARM.Collect$$libinit$$00000031  c_w.l(libinit2.o)
    0x00000324   0x00000002   Code   RO          447    .ARM.Collect$$libshutdown$$00000000  c_w.l(libshutdown.o)
    0x00000326   0x00000000   Code   RO          461    .ARM.Collect$$libshutdown$$00000003  c_w.l(libshutdown2.o)
    0x00000326   0x00000000   Code   RO          464    .ARM.Collect$$libshutdown$$00000006  c_w.l(libshutdown2.o)
    0x00000326   0x00000000   Code   RO          467    .ARM.Collect$$libshutdown$$00000009  c_w.l(libshutdown2.o)
    0x00000326   0x00000000   Code   RO          469    .ARM.Collect$$libshutdown$$0000000B  c_w.l(libshutdown2.o)
    0x00000326   0x00000000   Code   RO          472    .ARM.Collect$$libshutdown$$0000000E  c_w.l(libshutdown2.o)
    0x00000326   0x00000002   Code   RO          473    .ARM.Collect$$libshutdown$$0000000F  c_w.l(libshutdown2.o)
    0x00000328   0x00000000   Code   RO          349    .ARM.Collect$$rtentry$$00000000  c_w.l(rtentry.o)
    0x00000328   0x00000000   Code   RO          356    .ARM.Collect$$rtentry$$00000002  c_w.l(rtentry2.o)
    0x00000328   0x00000006   Code   RO          368    .ARM.Collect$$rtentry$$00000004  c_w.l(rtentry4.o)
    0x0000032e   0x00000000   Code   RO          358    .ARM.Collect$$rtentry$$00000009  c_w.l(rtentry2.o)
    0x0000032e   0x00000004   Code   RO          359    .ARM.Collect$$rtentry$$0000000A  c_w.l(rtentry2.o)
    0x00000332   0x00000000   Code   RO          361    .ARM.Collect$$rtentry$$0000000C  c_w.l(rtentry2.o)
    0x00000332   0x00000008   Code   RO          362    .ARM.Collect$$rtentry$$0000000D  c_w.l(rtentry2.o)
    0x0000033a   0x00000002   Code   RO          383    .ARM.Collect$$rtexit$$00000000  c_w.l(rtexit.o)
    0x0000033c   0x00000000   Code   RO          429    .ARM.Collect$$rtexit$$00000002  c_w.l(rtexit2.o)
    0x0000033c   0x00000004   Code   RO          430    .ARM.Collect$$rtexit$$00000003  c_w.l(rtexit2.o)
    0x00000340   0x00000006   Code   RO          431    .ARM.Collect$$rtexit$$00000004  c_w.l(rtexit2.o)
    0x00000346   0x00000002   PAD
    0x00000348   0x00000114   Code   RO            4  * .text               startup_tm4c123.o
    0x0000045c   0x00000006   Code   RO          331    .text               c_w.l(heapauxi.o)
    0x00000462   0x0000004a   Code   RO          370    .text               c_w.l(sys_stackheap_outer.o)
    0x000004ac   0x0000000c   Code   RO          372    .text               c_w.l(exit.o)
    0x000004b8   0x00000008   Code   RO          380    .text               c_w.l(libspace.o)
    0x000004c0   0x0000000c   Code   RO          439    .text               c_w.l(sys_exit.o)
    0x000004cc   0x00000002   Code   RO          450    .text               c_w.l(use_no_semi.o)
    0x000004ce   0x00000000   Code   RO          452    .text               c_w.l(indicate_semi.o)
    0x000004ce   0x00000018   Code   RO          205    i.SysTick_Init      systick.o
    0x000004e6   0x00000020   Code   RO          206    i.SysTick_Wait      systick.o
    0x00000506   0x00000018   Code   RO          207    i.SysTick_delay_ms  systick.o
    0x0000051e   0x00000002   PAD
    0x00000520   0x00000088   Code   RO          110    i.SystemInit        system_tm4c123.o
    0x000005a8   0x00000034   Code   RO           11    i.TIMER0A_Handler   vms.o
    0x000005dc   0x0000002c   Code   RO           12    i.bitFuser          vms.o
    0x00000608   0x00000038   Code   RO           13    i.cosine            vms.o
    0x00000640   0x000000a4   Code   RO          308    i.dac_dataOut       dac.o
    0x000006e4   0x000000b0   Code   RO          309    i.dac_init          dac.o
    0x00000794   0x000000b8   Code   RO          290    i.fsk_init          fsk.o
    0x0000084c   0x00000138   Code   RO           14    i.getNextSample     vms.o
    0x00000984   0x000000c8   Code   RO           15    i.main              vms.o
    0x00000a4c   0x00000036   Code   RO           17    i.stringToSymbols   vms.o
    0x00000a82   0x00000002   PAD
    0x00000a84   0x00000018   Code   RO           18    i.symbolLookUp      vms.o
    0x00000a9c   0x00000038   Code   RO           19    i.symbolsReplicate  vms.o
    0x00000ad4   0x000002b0   Code   RO          336    x$fpl$ddiv          fz_ws.l(ddiv.o)
    0x00000d84   0x0000005e   Code   RO          339    x$fpl$dfix          fz_ws.l(dfix.o)
    0x00000de2   0x0000002e   Code   RO          344    x$fpl$dflt          fz_ws.l(dflt_clz.o)
    0x00000e10   0x0000009c   Code   RO          350    x$fpl$dnaninf       fz_ws.l(dnaninf.o)
    0x00000eac   0x0000000c   Code   RO          352    x$fpl$dretinf       fz_ws.l(dretinf.o)
    0x00000eb8   0x00000000   Code   RO          354    x$fpl$usenofp       fz_ws.l(usenofp.o)
    0x00000eb8   0x00000020   Data   RO          504    Region$$Table       anon$$obj.o


    Execution Region ER_RW (Base: 0x20000000, Size: 0x00000424, Max: 0xffffffff, ABSOLUTE, COMPRESSED[0x00000324])

    Base Addr    Size         Type   Attr      Idx    E Section Name        Object

    0x20000000   0x00000100   Data   RW           21    .data               vms.o
    0x20000100   0x00000320   Data   RW          291    .data               fsk.o
    0x20000420   0x00000004   Data   RW          310    .data               dac.o


    Execution Region ER_ZI (Base: 0x20000424, Size: 0x00002544, Max: 0xffffffff, ABSOLUTE)

    Base Addr    Size         Type   Attr      Idx    E Section Name        Object

    0x20000424   0x000022e4   Zero   RW           20    .bss                vms.o
    0x20002708   0x00000060   Zero   RW          381    .bss                c_w.l(libspace.o)
    0x20002768   0x00000000   Zero   RW            2    HEAP                startup_tm4c123.o
    0x20002768   0x00000200   Zero   RW            1    STACK               startup_tm4c123.o


==============================================================================

Image component sizes


      Code (inc. data)   RO Data    RW Data    ZI Data      Debug   Object Name

       340         56          0          4          0       1417   dac.o
       184         18          0        800          0       1066   fsk.o
       276         24        620          0        512       5424   startup_tm4c123.o
       136         36          0          0          0        541   system_tm4c123.o
        80          0          0          0          0       1537   systick.o
       798        132          0        256       8932      10508   vms.o

    ----------------------------------------------------------------------
      1818        266        652       1060       9444      20493   Object Totals
         0          0         32          0          0          0   (incl. Generated)
         4          0          0          0          0          0   (incl. Padding)

    ----------------------------------------------------------------------

      Code (inc. data)   RO Data    RW Data    ZI Data      Debug   Library Member Name

        90          0          0          0          0          0   __dczerorl2.o
         8          0          0          0          0         68   __main.o
        52          8          0          0          0          0   __scatter.o
        28          0          0          0          0          0   __scatter_zi.o
        12          0          0          0          0         72   exit.o
         6          0          0          0          0        152   heapauxi.o
         0          0          0          0          0          0   indicate_semi.o
         2          0          0          0          0          0   libinit.o
         2          0          0          0          0          0   libinit2.o
         2          0          0          0          0          0   libshutdown.o
         2          0          0          0          0          0   libshutdown2.o
         8          4          0          0         96         68   libspace.o
         0          0          0          0          0          0   rtentry.o
        12          0          0          0          0          0   rtentry2.o
         6          0          0          0          0          0   rtentry4.o
         2          0          0          0          0          0   rtexit.o
        10          0          0          0          0          0   rtexit2.o
        12          4          0          0          0         68   sys_exit.o
        74          0          0          0          0         80   sys_stackheap_outer.o
         2          0          0          0          0         68   use_no_semi.o
       688        140          0          0          0        208   ddiv.o
        94          4          0          0          0         92   dfix.o
        46          0          0          0          0         68   dflt_clz.o
       156          4          0          0          0         92   dnaninf.o
        12          0          0          0          0         68   dretinf.o
         0          0          0          0          0          0   usenofp.o

    ----------------------------------------------------------------------
      1330        164          0          0         96       1104   Library Totals
         4          0          0          0          0          0   (incl. Padding)

    ----------------------------------------------------------------------

      Code (inc. data)   RO Data    RW Data    ZI Data      Debug   Library Name

       330         16          0          0         96        576   c_w.l
       996        148          0          0          0        528   fz_ws.l

    ----------------------------------------------------------------------
      1330        164          0          0         96       1104   Library Totals

    ----------------------------------------------------------------------

==============================================================================


      Code (inc. data)   RO Data    RW Data    ZI Data      Debug   

      3148        430        652       1060       9540      20349   Grand Totals
      3148        430        652        804       9540      20349   ELF Image Totals (compressed)
      3148        430        652        804          0          0   ROM Totals

==============================================================================

    Total RO  Size (Code + RO Data)                 3800 (   3.71kB)
    Total RW  Size (RW Data + ZI Data)             10600 (  10.35kB)
    Total ROM Size (Code + RO Data + RW Data)       4604 (   4.50kB)

==============================================================================

